Src/syscalls.c:21:6:initialise_monitor_handles	0	static
Src/syscalls.c:25:5:_getpid	0	static
Src/syscalls.c:30:5:_kill	8	static
Src/syscalls.c:38:6:_exit	8	static
Src/syscalls.c:44:27:_read	16	static
Src/syscalls.c:57:27:_write	16	static
Src/syscalls.c:69:5:_close	0	static
Src/syscalls.c:76:5:_fstat	0	static
Src/syscalls.c:83:5:_isatty	0	static
Src/syscalls.c:89:5:_lseek	0	static
Src/syscalls.c:97:5:_open	0	static
Src/syscalls.c:105:5:_wait	8	static
Src/syscalls.c:112:5:_unlink	8	static
Src/syscalls.c:119:5:_times	0	static
Src/syscalls.c:125:5:_stat	0	static
Src/syscalls.c:132:5:_link	8	static
Src/syscalls.c:140:5:_fork	8	static
Src/syscalls.c:146:5:_execve	8	static
Src/syscalls.c:156:6:assert_failed	0	static
